// Jest Snapshot v1, https://goo.gl/fbAQLP

exports[`repos container should render component with children 1`] = `"<div class=\\"makeStyles-container-1\\"><div class=\\"makeStyles-searchFieldContainer-4\\"><div class=\\"MuiFormControl-root MuiTextField-root makeStyles-textFieldRoot-5 makeStyles-searchField-3\\"><label class=\\"MuiFormLabel-root MuiInputLabel-root MuiInputLabel-formControl MuiInputLabel-animated MuiInputLabel-shrink MuiFormLabel-filled\\" data-shrink=\\"true\\" for=\\"queryString\\" id=\\"queryString-label\\">Search</label><div class=\\"MuiInputBase-root MuiInput-root MuiInput-underline makeStyles-input-6 MuiInputBase-formControl MuiInput-formControl\\"><input aria-invalid=\\"false\\" id=\\"queryString\\" type=\\"search\\" class=\\"MuiInputBase-input MuiInput-input MuiInputBase-inputTypeSearch MuiInput-inputTypeSearch\\" value=\\"test\\"></div></div></div><div class=\\"MuiGrid-root makeStyles-container-97 MuiGrid-container MuiGrid-item\\"><a class=\\"MuiTypography-root MuiLink-root MuiLink-underlineHover MuiTypography-colorPrimary\\" href=\\"https://github.com/pytest-dev/pytest\\" target=\\"_blank\\">pytest</a><h6 class=\\"MuiTypography-root makeStyles-description-99 MuiTypography-body1\\">The pytest framework makes it easy to write small tests, yet scales to support complex functional testing</h6></div><div class=\\"MuiGrid-root makeStyles-container-97 MuiGrid-container MuiGrid-item\\"><a class=\\"MuiTypography-root MuiLink-root MuiLink-underlineHover MuiTypography-colorPrimary\\" href=\\"https://github.com/openatx/uiautomator2\\" target=\\"_blank\\">uiautomator2</a><h6 class=\\"MuiTypography-root makeStyles-description-99 MuiTypography-body1\\">Android Uiautomator2 Python Wrapper</h6></div><div class=\\"MuiGrid-root makeStyles-container-97 MuiGrid-container MuiGrid-item\\"><a class=\\"MuiTypography-root MuiLink-root MuiLink-underlineHover MuiTypography-colorPrimary\\" href=\\"https://github.com/marmelab/gremlins.js\\" target=\\"_blank\\">gremlins.js</a><h6 class=\\"MuiTypography-root makeStyles-description-99 MuiTypography-body1\\">Monkey testing library for web apps and Node.js</h6></div><div class=\\"MuiGrid-root makeStyles-container-97 MuiGrid-container MuiGrid-item\\"><a class=\\"MuiTypography-root MuiLink-root MuiLink-underlineHover MuiTypography-colorPrimary\\" href=\\"https://github.com/facebook/jest\\" target=\\"_blank\\">jest</a><h6 class=\\"MuiTypography-root makeStyles-description-99 MuiTypography-body1\\">Delightful JavaScript Testing.</h6></div><div class=\\"MuiGrid-root makeStyles-container-97 MuiGrid-container MuiGrid-item\\"><a class=\\"MuiTypography-root MuiLink-root MuiLink-underlineHover MuiTypography-colorPrimary\\" href=\\"https://github.com/binarywang/java-testdata-generator\\" target=\\"_blank\\">java-testdata-generator</a><h6 class=\\"MuiTypography-root makeStyles-description-99 MuiTypography-body1\\">使用Java实现的各种测试数据的随机生成工具，包括身份证号码，银行卡号，姓名，手机号等</h6></div><div class=\\"MuiGrid-root makeStyles-container-97 MuiGrid-container MuiGrid-item\\"><a class=\\"MuiTypography-root MuiLink-root MuiLink-underlineHover MuiTypography-colorPrimary\\" href=\\"https://github.com/session-replay-tools/tcpcopy\\" target=\\"_blank\\">tcpcopy</a><h6 class=\\"MuiTypography-root makeStyles-description-99 MuiTypography-body1\\">An online request replication tool, also a tcp stream replay tool, fit for real testing, performance testing, stability testing, stress testing, load testing, smoke testing, etc</h6></div><div class=\\"MuiGrid-root makeStyles-container-97 MuiGrid-container MuiGrid-item\\"><a class=\\"MuiTypography-root MuiLink-root MuiLink-underlineHover MuiTypography-colorPrimary\\" href=\\"https://github.com/travisjeffery/timecop\\" target=\\"_blank\\">timecop</a><h6 class=\\"MuiTypography-root makeStyles-description-99 MuiTypography-body1\\">A gem providing \\"time travel\\", \\"time freezing\\", and \\"time acceleration\\" capabilities, making it simple to test time-dependent code. It provides a unified method to mock Time.now, Date.today, and DateTime.now in a single call.</h6></div><div class=\\"MuiGrid-root makeStyles-container-97 MuiGrid-container MuiGrid-item\\"><a class=\\"MuiTypography-root MuiLink-root MuiLink-underlineHover MuiTypography-colorPrimary\\" href=\\"https://github.com/seattlerb/minitest\\" target=\\"_blank\\">minitest</a><h6 class=\\"MuiTypography-root makeStyles-description-99 MuiTypography-body1\\">minitest provides a complete suite of testing facilities supporting TDD, BDD, mocking, and benchmarking.</h6></div><div class=\\"MuiGrid-root makeStyles-container-97 MuiGrid-container MuiGrid-item\\"><a class=\\"MuiTypography-root MuiLink-root MuiLink-underlineHover MuiTypography-colorPrimary\\" href=\\"https://github.com/zyanycall/stressTestPlatform\\" target=\\"_blank\\">stressTestPlatform</a><h6 class=\\"MuiTypography-root makeStyles-description-99 MuiTypography-body1\\">基于Jmeter实现的在线压测和管理Jmx的平台</h6></div><div class=\\"MuiGrid-root makeStyles-container-97 MuiGrid-container MuiGrid-item\\"><a class=\\"MuiTypography-root MuiLink-root MuiLink-underlineHover MuiTypography-colorPrimary\\" href=\\"https://github.com/reduxjs/redux-mock-store\\" target=\\"_blank\\">redux-mock-store</a><h6 class=\\"MuiTypography-root makeStyles-description-99 MuiTypography-body1\\">A mock store for testing Redux async action creators and middleware.</h6></div></div>"`;
